channel,spend
Direct,10000
Organic_Search,10000
Paid_Search_Other,10000
Referral,10000
Unmatched_Channel,10000
Video,10000
